// Jest Snapshot v1, https://goo.gl/fbAQLP

exports[`RegistrationScreen renders correctly  1`] = `
<View
  onLayout={[Function]}
  style={
    Object {
      "backgroundColor": "white",
      "flex": 1,
    }
  }
>
  <View
    style={
      Object {
        "alignItems": "center",
        "backgroundColor": "#2089dc",
        "borderBottomColor": "#f2f2f2",
        "borderBottomWidth": 0.5,
        "flexDirection": "row",
        "height": 64,
        "justifyContent": "space-between",
        "paddingHorizontal": 10,
        "paddingTop": 20,
      }
    }
    testID="headerContainer"
  >
    <View
      style={
        Object {
          "alignItems": "flex-start",
          "flex": 1,
        }
      }
    >
      <Text
        allowFontScaling={false}
        onPress={[Function]}
        style={
          Array [
            Object {
              "color": "white",
              "fontSize": 30,
            },
            undefined,
            Object {
              "fontFamily": "FontAwesome",
              "fontStyle": "normal",
              "fontWeight": "normal",
            },
            Object {},
          ]
        }
      >
        ï€¹
      </Text>
    </View>
    <View
      style={
        Object {
          "alignItems": "center",
          "flex": 3,
        }
      }
    >
      <Text
        style={
          Object {
            "color": "white",
            "fontSize": 16,
          }
        }
      >
        Registration
      </Text>
    </View>
    <View
      style={
        Object {
          "alignItems": "flex-end",
          "flex": 1,
        }
      }
    />
  </View>
  <RCTScrollView>
    <View>
      <View
        style={
          Object {
            "flex": 1,
            "justifyContent": "flex-start",
          }
        }
      >
        <View
          style={
            Object {
              "height": 50,
              "marginHorizontal": 10,
              "marginVertical": 10,
            }
          }
        >
          <Text
            style={
              Object {
                "fontSize": 15,
                "height": 20,
              }
            }
          >
            Name
            :
          </Text>
          <TextInput
            allowFontScaling={true}
            autoFocus={true}
            clearTextOnFocus={false}
            keyboardType="default"
            multiline={false}
            onChangeText={[Function]}
            placeholder="Enter Name"
            placeholderTextColor="grey"
            rejectResponderTermination={true}
            style={
              Object {
                "alignItems": "flex-start",
                "backgroundColor": "white",
                "borderRadius": 5,
                "elevation": 5,
                "height": 35,
                "justifyContent": "center",
                "marginTop": 4,
                "padding": 10,
                "shadowColor": "#000",
                "shadowOffset": Object {
                  "height": 2,
                  "width": 0,
                },
                "shadowOpacity": 0.25,
                "shadowRadius": 3.84,
              }
            }
            underlineColorAndroid="transparent"
          />
        </View>
        <View
          style={
            Object {
              "height": 50,
              "marginHorizontal": 10,
              "marginVertical": 10,
            }
          }
        >
          <Text
            style={
              Object {
                "fontSize": 15,
                "height": 20,
              }
            }
          >
            Age
            :
          </Text>
          <TextInput
            allowFontScaling={true}
            autoFocus={true}
            clearTextOnFocus={false}
            keyboardType="numeric"
            multiline={false}
            onChangeText={[Function]}
            placeholder="Enter Age"
            placeholderTextColor="grey"
            rejectResponderTermination={true}
            style={
              Object {
                "alignItems": "flex-start",
                "backgroundColor": "white",
                "borderRadius": 5,
                "elevation": 5,
                "height": 35,
                "justifyContent": "center",
                "marginTop": 4,
                "padding": 10,
                "shadowColor": "#000",
                "shadowOffset": Object {
                  "height": 2,
                  "width": 0,
                },
                "shadowOpacity": 0.25,
                "shadowRadius": 3.84,
              }
            }
            underlineColorAndroid="transparent"
          />
        </View>
        <View
          style={
            Object {
              "height": 50,
              "marginHorizontal": 10,
              "marginVertical": 10,
            }
          }
        >
          <Text
            style={
              Object {
                "fontSize": 15,
                "height": 20,
              }
            }
          >
            Dob
            :
          </Text>
          <View
            accessible={true}
            focusable={true}
            isTVSelectable={true}
            onClick={[Function]}
            onResponderGrant={[Function]}
            onResponderMove={[Function]}
            onResponderRelease={[Function]}
            onResponderTerminate={[Function]}
            onResponderTerminationRequest={[Function]}
            onStartShouldSetResponder={[Function]}
            style={
              Array [
                Object {
                  "width": 142,
                },
                Object {
                  "backgroundColor": "white",
                  "width": 200,
                },
              ]
            }
          >
            <View
              style={
                Array [
                  Object {
                    "alignItems": "center",
                    "flexDirection": "row",
                    "height": 40,
                    "justifyContent": "center",
                  },
                  undefined,
                ]
              }
            >
              <View
                style={
                  Array [
                    Object {
                      "alignItems": "center",
                      "borderColor": "#aaa",
                      "borderWidth": 1,
                      "flex": 1,
                      "height": 40,
                      "justifyContent": "center",
                    },
                    Object {
                      "marginLeft": 36,
                    },
                    false,
                    false,
                  ]
                }
              >
                <Text
                  allowFontScaling={true}
                  style={
                    Array [
                      Object {
                        "color": "#c9c9c9",
                      },
                      undefined,
                    ]
                  }
                >
                  select date
                </Text>
              </View>
              <Image
                source={
                  Object {
                    "testUri": "../../react-native-datepicker/date_icon.png",
                  }
                }
                style={
                  Array [
                    Object {
                      "height": 32,
                      "marginLeft": 5,
                      "marginRight": 5,
                      "width": 32,
                    },
                    Object {
                      "backgroundColor": "white",
                      "left": 0,
                      "marginLeft": 0,
                      "position": "absolute",
                      "top": 4,
                    },
                  ]
                }
              />
              <Modal
                animationType="none"
                hardwareAccelerated={false}
                onRequestClose={[Function]}
                supportedOrientations={
                  Array [
                    "portrait",
                    "portrait-upside-down",
                    "landscape",
                    "landscape-left",
                    "landscape-right",
                  ]
                }
                transparent={true}
                visible={false}
              >
                <View
                  style={
                    Object {
                      "flex": 1,
                    }
                  }
                >
                  <View
                    accessible={true}
                    focusable={true}
                    isTVSelectable={true}
                    onClick={[Function]}
                    onResponderGrant={[Function]}
                    onResponderMove={[Function]}
                    onResponderRelease={[Function]}
                    onResponderTerminate={[Function]}
                    onResponderTerminationRequest={[Function]}
                    onStartShouldSetResponder={[Function]}
                    style={
                      Object {
                        "alignItems": "flex-end",
                        "backgroundColor": "#00000077",
                        "flex": 1,
                        "flexDirection": "row",
                      }
                    }
                  >
                    <View
                      accessible={true}
                      focusable={false}
                      isTVSelectable={true}
                      onClick={[Function]}
                      onResponderGrant={[Function]}
                      onResponderMove={[Function]}
                      onResponderRelease={[Function]}
                      onResponderTerminate={[Function]}
                      onResponderTerminationRequest={[Function]}
                      onStartShouldSetResponder={[Function]}
                      style={
                        Object {
                          "flex": 1,
                        }
                      }
                    >
                      <View
                        style={
                          Object {
                            "backgroundColor": "#fff",
                            "height": 0,
                            "overflow": "hidden",
                          }
                        }
                      >
                        <View
                          pointerEvents="auto"
                        >
                          <View
                            style={
                              Array [
                                Object {
                                  "borderTopColor": "#ccc",
                                  "borderTopWidth": 1,
                                  "marginTop": 42,
                                },
                                undefined,
                              ]
                            }
                          >
                            <RCTDatePicker
                              date={1603277875274}
                              mode="date"
                              onChange={[Function]}
                              onResponderTerminationRequest={[Function]}
                              onStartShouldSetResponder={[Function]}
                              style={
                                Object {
                                  "height": 216,
                                }
                              }
                              timeZoneOffsetInMinutes={null}
                            />
                          </View>
                        </View>
                        <View
                          accessible={true}
                          focusable={true}
                          isTVSelectable={true}
                          onClick={[Function]}
                          onResponderGrant={[Function]}
                          onResponderMove={[Function]}
                          onResponderRelease={[Function]}
                          onResponderTerminate={[Function]}
                          onResponderTerminationRequest={[Function]}
                          onStartShouldSetResponder={[Function]}
                          style={
                            Array [
                              Object {
                                "alignItems": "center",
                                "flexDirection": "row",
                                "height": 42,
                                "justifyContent": "center",
                                "paddingHorizontal": 20,
                                "position": "absolute",
                                "top": 0,
                              },
                              Object {
                                "left": 0,
                              },
                              undefined,
                            ]
                          }
                        >
                          <Text
                            allowFontScaling={true}
                            style={
                              Array [
                                Object {
                                  "color": "#46cf98",
                                  "fontSize": 16,
                                },
                                Object {
                                  "color": "#666",
                                },
                                undefined,
                              ]
                            }
                          >
                            Cancel
                          </Text>
                        </View>
                        <View
                          accessible={true}
                          focusable={true}
                          isTVSelectable={true}
                          onClick={[Function]}
                          onResponderGrant={[Function]}
                          onResponderMove={[Function]}
                          onResponderRelease={[Function]}
                          onResponderTerminate={[Function]}
                          onResponderTerminationRequest={[Function]}
                          onStartShouldSetResponder={[Function]}
                          style={
                            Array [
                              Object {
                                "alignItems": "center",
                                "flexDirection": "row",
                                "height": 42,
                                "justifyContent": "center",
                                "paddingHorizontal": 20,
                                "position": "absolute",
                                "top": 0,
                              },
                              Object {
                                "right": 0,
                              },
                              undefined,
                            ]
                          }
                        >
                          <Text
                            allowFontScaling={true}
                            style={
                              Array [
                                Object {
                                  "color": "#46cf98",
                                  "fontSize": 16,
                                },
                                undefined,
                              ]
                            }
                          >
                            Confirm
                          </Text>
                        </View>
                      </View>
                    </View>
                  </View>
                </View>
              </Modal>
            </View>
          </View>
        </View>
        <View
          style={
            Object {
              "height": 50,
              "marginHorizontal": 10,
              "marginVertical": 10,
            }
          }
        >
          <Text
            style={
              Object {
                "fontSize": 15,
                "height": 20,
              }
            }
          >
            Profession
            :
          </Text>
          <View
            removeClippedSubviews={false}
            style={
              Array [
                Object {
                  "backgroundColor": "transparent",
                  "flexDirection": "row",
                },
                Object {},
              ]
            }
          >
            <View
              accessibilityLabel="Employed"
              accessible={true}
              focusable={true}
              isTVSelectable={true}
              onClick={[Function]}
              onResponderGrant={[Function]}
              onResponderMove={[Function]}
              onResponderRelease={[Function]}
              onResponderTerminate={[Function]}
              onResponderTerminationRequest={[Function]}
              onStartShouldSetResponder={[Function]}
              style={
                Object {
                  "alignItems": "center",
                  "backgroundColor": "#0076FF",
                  "borderBottomLeftRadius": 5,
                  "borderColor": "#0076FF",
                  "borderRightWidth": 1,
                  "borderTopLeftRadius": 5,
                  "borderWidth": 1,
                  "flex": 1,
                  "justifyContent": "center",
                  "opacity": 1,
                  "paddingVertical": 5,
                }
              }
            >
              <View
                style={
                  Object {
                    "flexDirection": "row",
                  }
                }
              >
                <Text
                  allowFontScaling={true}
                  ellipsizeMode="tail"
                  numberOfLines={1}
                  style={
                    Array [
                      Object {
                        "color": "#0076FF",
                      },
                      Object {},
                      Array [
                        Object {
                          "color": "white",
                        },
                        Object {},
                      ],
                    ]
                  }
                >
                  Employed
                </Text>
              </View>
            </View>
            <View
              accessibilityLabel="Student"
              accessible={true}
              focusable={true}
              isTVSelectable={true}
              onClick={[Function]}
              onResponderGrant={[Function]}
              onResponderMove={[Function]}
              onResponderRelease={[Function]}
              onResponderTerminate={[Function]}
              onResponderTerminationRequest={[Function]}
              onStartShouldSetResponder={[Function]}
              style={
                Object {
                  "alignItems": "center",
                  "backgroundColor": "white",
                  "borderBottomRightRadius": 5,
                  "borderColor": "#0076FF",
                  "borderLeftWidth": 0,
                  "borderTopRightRadius": 5,
                  "borderWidth": 1,
                  "flex": 1,
                  "justifyContent": "center",
                  "opacity": 1,
                  "paddingVertical": 5,
                }
              }
            >
              <View
                style={
                  Object {
                    "flexDirection": "row",
                  }
                }
              >
                <Text
                  allowFontScaling={true}
                  ellipsizeMode="tail"
                  numberOfLines={1}
                  style={
                    Array [
                      Object {
                        "color": "#0076FF",
                      },
                      Object {},
                      Object {},
                    ]
                  }
                >
                  Student
                </Text>
              </View>
            </View>
          </View>
        </View>
        <View
          style={
            Object {
              "height": 50,
              "marginHorizontal": 10,
              "marginVertical": 10,
            }
          }
        >
          <Text
            style={
              Object {
                "fontSize": 15,
                "height": 20,
              }
            }
          >
            Locality
            :
          </Text>
          <TextInput
            allowFontScaling={true}
            autoFocus={true}
            clearTextOnFocus={false}
            keyboardType="default"
            multiline={false}
            onChangeText={[Function]}
            placeholder="Enter Locality"
            placeholderTextColor="grey"
            rejectResponderTermination={true}
            style={
              Object {
                "alignItems": "flex-start",
                "backgroundColor": "white",
                "borderRadius": 5,
                "elevation": 5,
                "height": 35,
                "justifyContent": "center",
                "marginTop": 4,
                "padding": 10,
                "shadowColor": "#000",
                "shadowOffset": Object {
                  "height": 2,
                  "width": 0,
                },
                "shadowOpacity": 0.25,
                "shadowRadius": 3.84,
              }
            }
            underlineColorAndroid="transparent"
          />
        </View>
        <View
          style={
            Object {
              "height": 50,
              "marginHorizontal": 10,
              "marginVertical": 10,
            }
          }
        >
          <Text
            style={
              Object {
                "fontSize": 15,
                "height": 20,
              }
            }
          >
            Guests
            :
          </Text>
          <View
            removeClippedSubviews={false}
            style={
              Array [
                Object {
                  "backgroundColor": "transparent",
                  "flexDirection": "row",
                },
                Object {},
              ]
            }
          >
            <View
              accessibilityLabel="0"
              accessible={true}
              focusable={true}
              isTVSelectable={true}
              onClick={[Function]}
              onResponderGrant={[Function]}
              onResponderMove={[Function]}
              onResponderRelease={[Function]}
              onResponderTerminate={[Function]}
              onResponderTerminationRequest={[Function]}
              onStartShouldSetResponder={[Function]}
              style={
                Object {
                  "alignItems": "center",
                  "backgroundColor": "#0076FF",
                  "borderBottomLeftRadius": 5,
                  "borderColor": "#0076FF",
                  "borderRightWidth": 0,
                  "borderTopLeftRadius": 5,
                  "borderWidth": 1,
                  "flex": 1,
                  "justifyContent": "center",
                  "opacity": 1,
                  "paddingVertical": 5,
                }
              }
            >
              <View
                style={
                  Object {
                    "flexDirection": "row",
                  }
                }
              >
                <Text
                  allowFontScaling={true}
                  ellipsizeMode="tail"
                  numberOfLines={1}
                  style={
                    Array [
                      Object {
                        "color": "#0076FF",
                      },
                      Object {},
                      Array [
                        Object {
                          "color": "white",
                        },
                        Object {},
                      ],
                    ]
                  }
                >
                  0
                </Text>
              </View>
            </View>
            <View
              accessibilityLabel="1"
              accessible={true}
              focusable={true}
              isTVSelectable={true}
              onClick={[Function]}
              onResponderGrant={[Function]}
              onResponderMove={[Function]}
              onResponderRelease={[Function]}
              onResponderTerminate={[Function]}
              onResponderTerminationRequest={[Function]}
              onStartShouldSetResponder={[Function]}
              style={
                Object {
                  "alignItems": "center",
                  "backgroundColor": "white",
                  "borderColor": "#0076FF",
                  "borderWidth": 1,
                  "flex": 1,
                  "justifyContent": "center",
                  "marginLeft": -1,
                  "opacity": 1,
                  "paddingVertical": 5,
                }
              }
            >
              <View
                style={
                  Object {
                    "flexDirection": "row",
                  }
                }
              >
                <Text
                  allowFontScaling={true}
                  ellipsizeMode="tail"
                  numberOfLines={1}
                  style={
                    Array [
                      Object {
                        "color": "#0076FF",
                      },
                      Object {},
                      Object {},
                    ]
                  }
                >
                  1
                </Text>
              </View>
            </View>
            <View
              accessibilityLabel="2"
              accessible={true}
              focusable={true}
              isTVSelectable={true}
              onClick={[Function]}
              onResponderGrant={[Function]}
              onResponderMove={[Function]}
              onResponderRelease={[Function]}
              onResponderTerminate={[Function]}
              onResponderTerminationRequest={[Function]}
              onStartShouldSetResponder={[Function]}
              style={
                Object {
                  "alignItems": "center",
                  "backgroundColor": "white",
                  "borderBottomRightRadius": 5,
                  "borderColor": "#0076FF",
                  "borderLeftWidth": 0,
                  "borderTopRightRadius": 5,
                  "borderWidth": 1,
                  "flex": 1,
                  "justifyContent": "center",
                  "opacity": 1,
                  "paddingVertical": 5,
                }
              }
            >
              <View
                style={
                  Object {
                    "flexDirection": "row",
                  }
                }
              >
                <Text
                  allowFontScaling={true}
                  ellipsizeMode="tail"
                  numberOfLines={1}
                  style={
                    Array [
                      Object {
                        "color": "#0076FF",
                      },
                      Object {},
                      Object {},
                    ]
                  }
                >
                  2
                </Text>
              </View>
            </View>
          </View>
        </View>
        <View
          style={
            Object {
              "height": 50,
              "marginHorizontal": 10,
              "marginVertical": 10,
            }
          }
        >
          <Text
            style={
              Object {
                "fontSize": 15,
                "height": 20,
              }
            }
          >
            Address
            :
          </Text>
          <TextInput
            allowFontScaling={true}
            autoFocus={true}
            clearTextOnFocus={false}
            keyboardType="default"
            multiline={true}
            onChangeText={[Function]}
            placeholder="Enter Address"
            placeholderTextColor="grey"
            rejectResponderTermination={true}
            style={
              Object {
                "alignItems": "flex-start",
                "backgroundColor": "white",
                "borderRadius": 5,
                "elevation": 5,
                "height": 100,
                "justifyContent": "center",
                "marginTop": 4,
                "padding": 10,
                "shadowColor": "#000",
                "shadowOffset": Object {
                  "height": 2,
                  "width": 0,
                },
                "shadowOpacity": 0.25,
                "shadowRadius": 3.84,
              }
            }
            underlineColorAndroid="transparent"
          />
        </View>
        <View
          accessible={true}
          focusable={true}
          isTVSelectable={true}
          onClick={[Function]}
          onResponderGrant={[Function]}
          onResponderMove={[Function]}
          onResponderRelease={[Function]}
          onResponderTerminate={[Function]}
          onResponderTerminationRequest={[Function]}
          onStartShouldSetResponder={[Function]}
          style={
            Object {
              "alignItems": "center",
              "backgroundColor": "blue",
              "borderRadius": 20,
              "elevation": 5,
              "height": 40,
              "justifyContent": "center",
              "marginHorizontal": 10,
              "marginTop": 100,
              "padding": 10,
              "shadowColor": "#000",
              "shadowOffset": Object {
                "height": 2,
                "width": 0,
              },
              "shadowOpacity": 0.25,
              "shadowRadius": 3.84,
            }
          }
        >
          <Text
            style={
              Object {
                "color": "white",
                "fontSize": 14,
                "marginTop": 5,
              }
            }
          >
            Submit
          </Text>
        </View>
      </View>
    </View>
  </RCTScrollView>
</View>
`;
